
> everwood-faq-cloud@0.1.0 build
> cross-env NODE_OPTIONS='--max-old-space-size=4096' next build

  Ôû▓ Next.js 14.2.35
  - Environments: .env.local

   Creating an optimized production build ...
 Ô£ô Compiled successfully
   Linting and checking validity of types ...
node.exe : 
En línea: 1 Carácter: 1
+ & "C:\Program 
Files\nodejs/node.exe" "C:
\Users\eltri\AppData\Roami
ng\ ...
+ ~~~~~~~~~~~~~~~~~~~~~~~~
~~~~~~~~~~~~~~~~~~~~~~~~~~
~~~~~~~~~~~~~~~~~~~
    + CategoryInfo        
      : NotSpecified: (:  
  String) [], RemoteExc   
 eption
    + FullyQualifiedError 
   Id : NativeCommandErr  
  or
 
Failed to compile.

./app/dashboard/page.tsx
8:85  Error: Unexpected 
any. Specify a different 
type.  @typescript-eslint/
no-explicit-any
54:16  Error: 'e' is 
defined but never used.  @
typescript-eslint/no-unuse
d-vars

./app/suggestions/page.tsx
12:8  Error: 'Link' is 
defined but never used.  @
typescript-eslint/no-unuse
d-vars

./app/suggestions/[id]/pag
e.tsx
5:10  Error: 'motion' is 
defined but never used.  @
typescript-eslint/no-unuse
d-vars
5:18  Error: 
'AnimatePresence' is 
defined but never used.  @
typescript-eslint/no-unuse
d-vars

./pages/api/generate-faqs.
ts
15:10  Error: 
'getEmbedding' is defined 
but never used.  @typescri
pt-eslint/no-unused-vars
112:41  Error: Unexpected 
any. Specify a different 
type.  @typescript-eslint/
no-explicit-any
124:19  Error: Unexpected 
any. Specify a different 
type.  @typescript-eslint/
no-explicit-any

./lib/detector/client.ts
34:12  Error: 'e' is 
defined but never used.  @
typescript-eslint/no-unuse
d-vars

./lib/nlp/embeddings.ts
101:36  Error: '_text' is 
defined but never used.  @
typescript-eslint/no-unuse
d-vars

info  - Need to disable 
some ESLint rules? Learn 
more here: https://nextjs.
org/docs/basic-features/es
lint#disabling-rules
