app/evaluation/page.tsx(54,74): error TS2322: Type 'unknown' is not assignable to type 'ReactNode'.
app/evaluation/page.tsx(54,75): error TS18047: 'metrics' is possibly 'null'.
app/evaluation/page.tsx(64,75): error TS2322: Type 'unknown' is not assignable to type 'ReactNode'.
app/evaluation/page.tsx(64,76): error TS18047: 'metrics' is possibly 'null'.
app/evaluation/page.tsx(74,73): error TS2322: Type 'unknown' is not assignable to type 'ReactNode'.
app/evaluation/page.tsx(74,74): error TS18047: 'metrics' is possibly 'null'.
app/evaluation/page.tsx(82,21): error TS18047: 'metrics' is possibly 'null'.
app/evaluation/page.tsx(100,55): error TS2322: Type 'unknown' is not assignable to type 'ReactNode'.
app/evaluation/page.tsx(100,56): error TS18047: 'metrics' is possibly 'null'.
app/evaluation/page.tsx(104,70): error TS2322: Type 'unknown' is not assignable to type 'ReactNode'.
app/evaluation/page.tsx(104,71): error TS18047: 'metrics' is possibly 'null'.
app/evaluation/page.tsx(108,68): error TS2322: Type 'unknown' is not assignable to type 'ReactNode'.
app/evaluation/page.tsx(108,69): error TS18047: 'metrics' is possibly 'null'.
app/evaluation/page.tsx(112,71): error TS2322: Type 'unknown' is not assignable to type 'ReactNode'.
app/evaluation/page.tsx(112,72): error TS18047: 'metrics' is possibly 'null'.
app/suggestions/[id]/page.tsx(12,11): error TS2339: Property 'id' does not exist on type 'Record<string, string | string[]> | null'.
